15963
8274
7689
-10844
-13395
-1
1355
86744
-1356
-86744
