190
190
171
171
153
153
136
136
120
120
105
105
91
91
78
78
66
66
55
55
45
45
36
36
28
28
21
21
15
15
10
10
6
6
3
3
1
1
